[INFO] Scanning for projects...
[INFO] 
[INFO] --------------------< com.recruitment:ai-recruiter >--------------------
[INFO] Building ai-recruiter 0.0.1-SNAPSHOT
[INFO]   from pom.xml
[INFO] --------------------------------[ jar ]---------------------------------
[INFO] 
[INFO] --- resources:3.3.1:resources (default-resources) @ ai-recruiter ---
[INFO] Copying 1 resource from src\main\resources to target\classes
[INFO] Copying 0 resource from src\main\resources to target\classes
[INFO] 
[INFO] --- compiler:3.11.0:compile (default-compile) @ ai-recruiter ---
[INFO] Changes detected - recompiling the module! :source
[INFO] Compiling 27 source files with javac [debug release 17] to target\classes
[INFO] -------------------------------------------------------------
[ERROR] COMPILATION ERROR : 
[INFO] -------------------------------------------------------------
[ERROR] /C:/Users/Egneshwaran/Desktop/Resume screening AI/backend/src/main/java/com/recruitment/ai/service/ExportService.java:[106,13] reference to Row is ambiguous
  both interface org.apache.poi.ss.usermodel.Row in org.apache.poi.ss.usermodel and class com.lowagie.text.Row in com.lowagie.text match
[ERROR] /C:/Users/Egneshwaran/Desktop/Resume screening AI/backend/src/main/java/com/recruitment/ai/service/ExportService.java:[118,17] reference to Row is ambiguous
  both interface org.apache.poi.ss.usermodel.Row in org.apache.poi.ss.usermodel and class com.lowagie.text.Row in com.lowagie.text match
[INFO] 2 errors 
[INFO] -------------------------------------------------------------
[INFO] ------------------------------------------------------------------------
[INFO] BUILD FAILURE
[INFO] ------------------------------------------------------------------------
[INFO] Total time:  5.359 s
[INFO] Finished at: 2026-02-01T03:22:04+07:00
[INFO] ------------------------------------------------------------------------
[ERROR] Failed to execute goal org.apache.maven.plugins:maven-compiler-plugin:3.11.0:compile (default-compile) on project ai-recruiter: Compilation failure: Compilation failure: 
[ERROR] /C:/Users/Egneshwaran/Desktop/Resume screening AI/backend/src/main/java/com/recruitment/ai/service/ExportService.java:[106,13] reference to Row is ambiguous
[ERROR]   both interface org.apache.poi.ss.usermodel.Row in org.apache.poi.ss.usermodel and class com.lowagie.text.Row in com.lowagie.text match
[ERROR] /C:/Users/Egneshwaran/Desktop/Resume screening AI/backend/src/main/java/com/recruitment/ai/service/ExportService.java:[118,17] reference to Row is ambiguous
[ERROR]   both interface org.apache.poi.ss.usermodel.Row in org.apache.poi.ss.usermodel and class com.lowagie.text.Row in com.lowagie.text match
[ERROR] -> [Help 1]
[ERROR] 
[ERROR] To see the full stack trace of the errors, re-run Maven with the -e switch.
[ERROR] Re-run Maven using the -X switch to enable full debug logging.
[ERROR] 
[ERROR] For more information about the errors and possible solutions, please read the following articles:
[ERROR] [Help 1] http://cwiki.apache.org/confluence/display/MAVEN/MojoFailureException
